{"example/partials/partialOne.html":{"counters":{"error":0,"notice":9,"warning":0},"messageLog":[{"heading":"NOTICE","issue":"WCAG2A.Principle2.Guideline2_4.2_4_4.H77,H78,H79,H80,H81","description":"Check that the link text combined with programmatically determined link context identifies the purpose of the link.","position":{"lineNumber":2,"columnNumber":0},"element":{"node":"<a id=\"herpDerp\" class=\"test Element\" href=\"test\">Test</a>","class":"test Element","id":"herpDerp"}},{"heading":"NOTICE","issue":"WCAG2A.Principle2.Guideline2_4.2_4_4.H77,H78,H79,H80,H81","description":"Check that the link text combined with programmatically determined link context identifies the purpose of the link.","position":{"lineNumber":3,"columnNumber":0},"element":{"node":"<a href=\"test\">Test</a>","class":"","id":""}},{"heading":"NOTICE","issue":"WCAG2A.Principle2.Guideline2_4.2_4_4.H77,H78,H79,H80,H81","description":"Check that the link text combined with programmatically determined link context identifies the purpose of the link.","position":{"lineNumber":4,"columnNumber":0},"element":{"node":"<a href=\"test\" class=\"herp\">Test</a>","class":"herp","id":""}},{"heading":"NOTICE","issue":"WCAG2A.Principle1.Guideline1_3.1_3_2.G57","description":"Check that the content is ordered in a meaningful sequence when linearised, such as when style sheets are disabled.","position":{"lineNumber":1,"columnNumber":0},"element":{"node":"","class":"","id":""}},{"heading":"NOTICE","issue":"WCAG2A.Principle1.Guideline1_3.1_3_3.G96","description":"Where instructions are provided for understanding the content, do not rely on sensory characteristics alone (such as shape, size or location) to describe objects.","position":{"lineNumber":1,"columnNumber":0},"element":{"node":"","class":"","id":""}},{"heading":"NOTICE","issue":"WCAG2A.Principle1.Guideline1_4.1_4_1.G14,G182","description":"Check that any information conveyed using colour alone is also available in text, or through other visual cues.","position":{"lineNumber":1,"columnNumber":0},"element":{"node":"","class":"","id":""}},{"heading":"NOTICE","issue":"WCAG2A.Principle2.Guideline2_2.2_2_2.SCR33,SCR22,G187,G152,G186,G191","description":"If any part of the content moves, scrolls or blinks for more than 5 seconds, or auto-updates, check that there is a mechanism available to pause, stop, or hide the content.","position":{"lineNumber":1,"columnNumber":0},"element":{"node":"","class":"","id":""}},{"heading":"NOTICE","issue":"WCAG2A.Principle2.Guideline2_3.2_3_1.G19,G176","description":"Check that no component of the content flashes more than three times in any 1-second period, or that the size of any flashing area is sufficiently small.","position":{"lineNumber":1,"columnNumber":0},"element":{"node":"","class":"","id":""}},{"heading":"NOTICE","issue":"WCAG2A.Principle2.Guideline2_4.2_4_1.G1,G123,G124,H69","description":"Ensure that any common navigation elements can be bypassed; for instance, by use of skip links, header elements, or ARIA landmark roles.","position":{"lineNumber":1,"columnNumber":0},"element":{"node":"","class":"","id":""}}]},"example/partials/partialTwo.html":{"counters":{"error":0,"notice":9,"warning":0},"messageLog":[{"heading":"NOTICE","issue":"WCAG2A.Principle2.Guideline2_4.2_4_4.H77,H78,H79,H80,H81","description":"Check that the link text combined with programmatically determined link context identifies the purpose of the link.","position":{"lineNumber":2,"columnNumber":0},"element":{"node":"<a id=\"herpDerp\" class=\"test Element\" href=\"test\">Test</a>","class":"test Element","id":"herpDerp"}},{"heading":"NOTICE","issue":"WCAG2A.Principle2.Guideline2_4.2_4_4.H77,H78,H79,H80,H81","description":"Check that the link text combined with programmatically determined link context identifies the purpose of the link.","position":{"lineNumber":3,"columnNumber":0},"element":{"node":"<a href=\"test\">Test</a>","class":"","id":""}},{"heading":"NOTICE","issue":"WCAG2A.Principle2.Guideline2_4.2_4_4.H77,H78,H79,H80,H81","description":"Check that the link text combined with programmatically determined link context identifies the purpose of the link.","position":{"lineNumber":4,"columnNumber":0},"element":{"node":"<a href=\"test\" class=\"herp\">Test</a>","class":"herp","id":""}},{"heading":"NOTICE","issue":"WCAG2A.Principle1.Guideline1_3.1_3_2.G57","description":"Check that the content is ordered in a meaningful sequence when linearised, such as when style sheets are disabled.","position":{"lineNumber":1,"columnNumber":0},"element":{"node":"","class":"","id":""}},{"heading":"NOTICE","issue":"WCAG2A.Principle1.Guideline1_3.1_3_3.G96","description":"Where instructions are provided for understanding the content, do not rely on sensory characteristics alone (such as shape, size or location) to describe objects.","position":{"lineNumber":1,"columnNumber":0},"element":{"node":"","class":"","id":""}},{"heading":"NOTICE","issue":"WCAG2A.Principle1.Guideline1_4.1_4_1.G14,G182","description":"Check that any information conveyed using colour alone is also available in text, or through other visual cues.","position":{"lineNumber":1,"columnNumber":0},"element":{"node":"","class":"","id":""}},{"heading":"NOTICE","issue":"WCAG2A.Principle2.Guideline2_2.2_2_2.SCR33,SCR22,G187,G152,G186,G191","description":"If any part of the content moves, scrolls or blinks for more than 5 seconds, or auto-updates, check that there is a mechanism available to pause, stop, or hide the content.","position":{"lineNumber":1,"columnNumber":0},"element":{"node":"","class":"","id":""}},{"heading":"NOTICE","issue":"WCAG2A.Principle2.Guideline2_3.2_3_1.G19,G176","description":"Check that no component of the content flashes more than three times in any 1-second period, or that the size of any flashing area is sufficiently small.","position":{"lineNumber":1,"columnNumber":0},"element":{"node":"","class":"","id":""}},{"heading":"NOTICE","issue":"WCAG2A.Principle2.Guideline2_4.2_4_1.G1,G123,G124,H69","description":"Ensure that any common navigation elements can be bypassed; for instance, by use of skip links, header elements, or ARIA landmark roles.","position":{"lineNumber":1,"columnNumber":0},"element":{"node":"","class":"","id":""}}]},"example/test.html":{"counters":{"error":0,"notice":10,"warning":0},"messageLog":[{"heading":"NOTICE","issue":"WCAG2A.Principle2.Guideline2_4.2_4_2.H25.2","description":"Check that the title element describes the document.","position":{"lineNumber":4,"columnNumber":4},"element":{"node":"<title>Test One</title>","class":"","id":""}},{"heading":"NOTICE","issue":"WCAG2A.Principle2.Guideline2_4.2_4_4.H77,H78,H79,H80,H81","description":"Check that the link text combined with programmatically determined link context identifies the purpose of the link.","position":{"lineNumber":8,"columnNumber":4},"element":{"node":"<a id=\"herpDerp\" class=\"test Element\" href=\"test\">Test</a>","class":"test Element","id":"herpDerp"}},{"heading":"NOTICE","issue":"WCAG2A.Principle2.Guideline2_4.2_4_4.H77,H78,H79,H80,H81","description":"Check that the link text combined with programmatically determined link context identifies the purpose of the link.","position":{"lineNumber":9,"columnNumber":4},"element":{"node":"<a href=\"test\">Test</a>","class":"","id":""}},{"heading":"NOTICE","issue":"WCAG2A.Principle2.Guideline2_4.2_4_4.H77,H78,H79,H80,H81","description":"Check that the link text combined with programmatically determined link context identifies the purpose of the link.","position":{"lineNumber":10,"columnNumber":4},"element":{"node":"<a href=\"test\" class=\"herp\">Test</a>","class":"herp","id":""}},{"heading":"NOTICE","issue":"WCAG2A.Principle1.Guideline1_3.1_3_2.G57","description":"Check that the content is ordered in a meaningful sequence when linearised, such as when style sheets are disabled.","position":{"lineNumber":1,"columnNumber":0},"element":{"node":"","class":"","id":""}},{"heading":"NOTICE","issue":"WCAG2A.Principle1.Guideline1_3.1_3_3.G96","description":"Where instructions are provided for understanding the content, do not rely on sensory characteristics alone (such as shape, size or location) to describe objects.","position":{"lineNumber":1,"columnNumber":0},"element":{"node":"","class":"","id":""}},{"heading":"NOTICE","issue":"WCAG2A.Principle1.Guideline1_4.1_4_1.G14,G182","description":"Check that any information conveyed using colour alone is also available in text, or through other visual cues.","position":{"lineNumber":1,"columnNumber":0},"element":{"node":"","class":"","id":""}},{"heading":"NOTICE","issue":"WCAG2A.Principle2.Guideline2_2.2_2_2.SCR33,SCR22,G187,G152,G186,G191","description":"If any part of the content moves, scrolls or blinks for more than 5 seconds, or auto-updates, check that there is a mechanism available to pause, stop, or hide the content.","position":{"lineNumber":1,"columnNumber":0},"element":{"node":"","class":"","id":""}},{"heading":"NOTICE","issue":"WCAG2A.Principle2.Guideline2_3.2_3_1.G19,G176","description":"Check that no component of the content flashes more than three times in any 1-second period, or that the size of any flashing area is sufficiently small.","position":{"lineNumber":1,"columnNumber":0},"element":{"node":"","class":"","id":""}},{"heading":"NOTICE","issue":"WCAG2A.Principle2.Guideline2_4.2_4_1.G1,G123,G124,H69","description":"Ensure that any common navigation elements can be bypassed; for instance, by use of skip links, header elements, or ARIA landmark roles.","position":{"lineNumber":1,"columnNumber":0},"element":{"node":"","class":"","id":""}}]},"example/two.html":{"counters":{"error":0,"notice":10,"warning":0},"messageLog":[{"heading":"NOTICE","issue":"WCAG2A.Principle2.Guideline2_4.2_4_2.H25.2","description":"Check that the title element describes the document.","position":{"lineNumber":4,"columnNumber":4},"element":{"node":"<title>Test Two</title>","class":"","id":""}},{"heading":"NOTICE","issue":"WCAG2A.Principle2.Guideline2_4.2_4_4.H77,H78,H79,H80,H81","description":"Check that the link text combined with programmatically determined link context identifies the purpose of the link.","position":{"lineNumber":8,"columnNumber":4},"element":{"node":"<a id=\"herpDerp\" class=\"test Element\" href=\"test\">Test</a>","class":"test Element","id":"herpDerp"}},{"heading":"NOTICE","issue":"WCAG2A.Principle2.Guideline2_4.2_4_4.H77,H78,H79,H80,H81","description":"Check that the link text combined with programmatically determined link context identifies the purpose of the link.","position":{"lineNumber":9,"columnNumber":4},"element":{"node":"<a href=\"test\">Test</a>","class":"","id":""}},{"heading":"NOTICE","issue":"WCAG2A.Principle2.Guideline2_4.2_4_4.H77,H78,H79,H80,H81","description":"Check that the link text combined with programmatically determined link context identifies the purpose of the link.","position":{"lineNumber":10,"columnNumber":4},"element":{"node":"<a href=\"test\" class=\"herp\">Test</a>","class":"herp","id":""}},{"heading":"NOTICE","issue":"WCAG2A.Principle1.Guideline1_3.1_3_2.G57","description":"Check that the content is ordered in a meaningful sequence when linearised, such as when style sheets are disabled.","position":{"lineNumber":1,"columnNumber":0},"element":{"node":"","class":"","id":""}},{"heading":"NOTICE","issue":"WCAG2A.Principle1.Guideline1_3.1_3_3.G96","description":"Where instructions are provided for understanding the content, do not rely on sensory characteristics alone (such as shape, size or location) to describe objects.","position":{"lineNumber":1,"columnNumber":0},"element":{"node":"","class":"","id":""}},{"heading":"NOTICE","issue":"WCAG2A.Principle1.Guideline1_4.1_4_1.G14,G182","description":"Check that any information conveyed using colour alone is also available in text, or through other visual cues.","position":{"lineNumber":1,"columnNumber":0},"element":{"node":"","class":"","id":""}},{"heading":"NOTICE","issue":"WCAG2A.Principle2.Guideline2_2.2_2_2.SCR33,SCR22,G187,G152,G186,G191","description":"If any part of the content moves, scrolls or blinks for more than 5 seconds, or auto-updates, check that there is a mechanism available to pause, stop, or hide the content.","position":{"lineNumber":1,"columnNumber":0},"element":{"node":"","class":"","id":""}},{"heading":"NOTICE","issue":"WCAG2A.Principle2.Guideline2_3.2_3_1.G19,G176","description":"Check that no component of the content flashes more than three times in any 1-second period, or that the size of any flashing area is sufficiently small.","position":{"lineNumber":1,"columnNumber":0},"element":{"node":"","class":"","id":""}},{"heading":"NOTICE","issue":"WCAG2A.Principle2.Guideline2_4.2_4_1.G1,G123,G124,H69","description":"Ensure that any common navigation elements can be bypassed; for instance, by use of skip links, header elements, or ARIA landmark roles.","position":{"lineNumber":1,"columnNumber":0},"element":{"node":"","class":"","id":""}}]}}