{"errors/no-alt.html":{"counters":{"error":1,"notice":7,"warning":0},"messageLog":[{"heading":"ERROR","issue":"WCAG2A.Principle1.Guideline1_1.1_1_1.H37","description":"Img element missing an alt attribute. Use the alt attribute to specify a short text alternative.","position":{"lineNumber":4,"columnNumber":4},"element":{"node":"<img src=\"logo.png\">","class":"","id":""}},{"heading":"NOTICE","issue":"WCAG2A.Principle1.Guideline1_1.1_1_1.G73,G74","description":"If this image cannot be fully described in a short text alternative, ensure a long text alternative is also available, such as in the body text or through a link.","position":{"lineNumber":4,"columnNumber":4},"element":{"node":"<img src=\"logo.png\">","class":"","id":""}},{"heading":"NOTICE","issue":"WCAG2A.Principle1.Guideline1_3.1_3_2.G57","description":"Check that the content is ordered in a meaningful sequence when linearised, such as when style sheets are disabled.","position":{"lineNumber":1,"columnNumber":0},"element":{"node":"","class":"","id":""}},{"heading":"NOTICE","issue":"WCAG2A.Principle1.Guideline1_3.1_3_3.G96","description":"Where instructions are provided for understanding the content, do not rely on sensory characteristics alone (such as shape, size or location) to describe objects.","position":{"lineNumber":1,"columnNumber":0},"element":{"node":"","class":"","id":""}},{"heading":"NOTICE","issue":"WCAG2A.Principle1.Guideline1_4.1_4_1.G14,G182","description":"Check that any information conveyed using colour alone is also available in text, or through other visual cues.","position":{"lineNumber":1,"columnNumber":0},"element":{"node":"","class":"","id":""}},{"heading":"NOTICE","issue":"WCAG2A.Principle2.Guideline2_2.2_2_2.SCR33,SCR22,G187,G152,G186,G191","description":"If any part of the content moves, scrolls or blinks for more than 5 seconds, or auto-updates, check that there is a mechanism available to pause, stop, or hide the content.","position":{"lineNumber":1,"columnNumber":0},"element":{"node":"","class":"","id":""}},{"heading":"NOTICE","issue":"WCAG2A.Principle2.Guideline2_3.2_3_1.G19,G176","description":"Check that no component of the content flashes more than three times in any 1-second period, or that the size of any flashing area is sufficiently small.","position":{"lineNumber":1,"columnNumber":0},"element":{"node":"","class":"","id":""}},{"heading":"NOTICE","issue":"WCAG2A.Principle2.Guideline2_4.2_4_1.G1,G123,G124,H69","description":"Ensure that any common navigation elements can be bypassed; for instance, by use of skip links, header elements, or ARIA landmark roles.","position":{"lineNumber":1,"columnNumber":0},"element":{"node":"","class":"","id":""}}]}}